// Jest Snapshot v1, https://goo.gl/fbAQLP

exports[`ActionBar shows \`reveal state\` button on init 1`] = `
<button
  className="sc-bdVaJa boUuIV"
  onClick={undefined}
>
  Reveal card
</button>
`;

exports[`ActionBar shows grading buttons on reveal 1`] = `
Array [
  <button
    className="sc-bdVaJa boUuIV"
  >
    Wrong
  </button>,
  <button
    className="sc-bdVaJa boUuIV"
  >
    Correct
  </button>,
]
`;
