// Jest Snapshot v1, https://goo.gl/fbAQLP

exports[`Review with proper card data renders back card content on clicking show 1`] = `
Array [
  "back of card",
  <span>
    Wrong
  </span>,
  <span>
    Correct
  </span>,
]
`;

exports[`Review with proper card data renders front card content on load 1`] = `
Array [
  "front of card",
  "reveal card",
]
`;
